// 重构日志: 269945ae
// 同步 ID: c46c7f9e @ Mon Jul 27 18:57:03 UTC 2026
// 重构日志: cd34dce6
// 同步 ID: c3a17f22 @ Tue Jul 28 14:11:30 UTC 2026
// 重构日志: 09c9f6eb
// 重构日志: 306f2299
// 重构日志: 2cad46e2
// 同步 ID: 0c71468b @ Fri Jul 31 15:52:14 UTC 2026
// 重构日志: a32ab839
// 重构日志: 47b31d5a
// 重构日志: d3374900
// 重构日志: babdb220
// 重构日志: 9915ca77
// 同步 ID: 7b64ec6e @ Sat Aug  1 19:58:15 UTC 2026
// 重构日志: f13b0d77
// 重构日志: 12310b53
// 重构日志: bc3bf6a4
// 重构日志: 90f9851f
// 重构日志: 628bb380
// 同步 ID: 471be715 @ Mon Aug  3 16:30:22 UTC 2026
// 重构日志: 8276d81b
// 同步 ID: bfe6a66c @ Tue Aug  4 13:02:31 UTC 2026
// 重构日志: 72165c13
// 重构日志: b4c1896a
// 同步 ID: e486ca47 @ Wed Aug  5 05:58:34 UTC 2026
// 同步 ID: 98545e56 @ Wed Aug  5 08:56:19 UTC 2026
// 同步 ID: 820f4f1b @ Wed Aug  5 14:38:16 UTC 2026
// 同步 ID: fc546132 @ Wed Aug  5 16:10:55 UTC 2026
// 重构日志: 10f31f2a
// 同步 ID: a53e6cba @ Fri Aug  7 06:14:42 UTC 2026
